// Jest Snapshot v1, https://goo.gl/fbAQLP

exports[`colors 1`] = `
Object {
  "black": Object {
    "100": "#1f1f1f",
  },
  "blue": Object {
    "10": "#BBD1DA",
    "20": "#8FB4C1",
    "30": "#558CA3",
    "40": "#40697A",
    "50": "#2B4652",
    "60": "#152329",
  },
  "gray": Object {
    "10": "#EFEFEF",
    "20": "#C8C8C8",
    "30": "#9E9E9E",
    "40": "#757575",
    "50": "#585858",
    "60": "#3B3B3B",
  },
  "green": Object {
    "10": "#C9E5B9",
    "20": "#A9D18F",
    "30": "#79BD4F",
    "40": "#5B8E3B",
    "50": "#3D5F28",
    "60": "#1E2F14",
  },
  "red": Object {
    "10": "#F1BEB0",
    "20": "#E59383",
    "30": "#DC5C3A",
    "40": "#A5452C",
    "50": "#6E2E1D",
    "60": "#37170E",
  },
  "white": Object {
    "0": "#ffffff",
  },
  "yellow": Object {
    "10": "#F7DEAC",
    "20": "#FCCA7A",
    "30": "#EAAC2F",
    "40": "#B08123",
    "50": "#755618",
    "60": "#3A2B0C",
  },
}
`;
